// Jest Snapshot v1, https://goo.gl/fbAQLP

exports[`DocumentsPage should match snapshot 1`] = `
<div>
  <v-container-stub tag="div">
    <zrpagetitle-stub>Documentos</zrpagetitle-stub>
    <documentscontainer-stub></documentscontainer-stub>
  </v-container-stub>
</div>
`;
