// Jest Snapshot v1, https://goo.gl/fbAQLP

exports[`ZrPageTitle should match snapshot 1`] = `<div class="font-weight-thin display-3 text-lg-center my-5 text-uppercase"></div>`;
