// Jest Snapshot v1, https://goo.gl/fbAQLP

exports[`MessagesPage should match snapshot 1`] = `
<div>
  <v-container-stub tag="div">
    <zrpagetitle-stub>Avisos</zrpagetitle-stub>
    <messagescontainer-stub></messagescontainer-stub>
  </v-container-stub>
</div>
`;
