// Jest Snapshot v1, https://goo.gl/fbAQLP

exports[`LessonListItem should match snapshot 1`] = `
<div role="listitem"><a class="v-list__tile v-list__tile--link v-list__tile--avatar theme--light">
    <div class="v-list__tile__avatar">
      <div class="v-avatar" style="height: 40px; width: 40px;">
        <div class="v-avatar green lighten-1 white--text" style="height: 40px; width: 40px;">
          1235
        </div>
      </div>
    </div>
    <div class="v-list__tile__content">
      <div class="v-list__tile__title">fake name</div>
      <div class="v-list__tile__sub-title">14/07/2019</div>
    </div>
    <lessondialog-stub lesson="[object Object]"></lessondialog-stub>
  </a></div>
`;
