// Jest Snapshot v1, https://goo.gl/fbAQLP

exports[`LessonContent should match snapshot 1`] = `
<div>
  <documentscontainer-stub lessonid="1" presentational="[object Object]"></documentscontainer-stub>
</div>
`;
